// Jest Snapshot v1, https://goo.gl/fbAQLP

exports[`Buttons Renders correctly 1`] = `
<View
  accessibilityState={
    {
      "busy": undefined,
      "checked": undefined,
      "disabled": undefined,
      "expanded": undefined,
      "selected": undefined,
    }
  }
  accessibilityValue={
    {
      "max": undefined,
      "min": undefined,
      "now": undefined,
      "text": undefined,
    }
  }
  accessible={true}
  collapsable={false}
  focusable={false}
  onClick={[Function]}
  onResponderGrant={[Function]}
  onResponderMove={[Function]}
  onResponderRelease={[Function]}
  onResponderTerminate={[Function]}
  onResponderTerminationRequest={[Function]}
  onStartShouldSetResponder={[Function]}
  style={
    {
      "backgroundColor": "green",
      "borderRadius": 20,
      "borderWidth": 1,
      "marginTop": 20,
      "opacity": 1,
      "padding": 10,
      "width": "95%",
    }
  }
>
  <Text
    style={
      {
        "fontSize": 20,
        "textAlign": "center",
      }
    }
  >
    save
  </Text>
</View>
`;
