// Jest Snapshot v1, https://goo.gl/fbAQLP

exports[`ControlScreen renders correctly 1`] = `
<RCTScrollView>
  <View>
    <View
      style={
        {
          "alignItems": "center",
          "justifyContent": "center",
        }
      }
    >
      <View
        style={
          {
            "borderRadius": 22,
            "height": 50,
            "justifyContent": "center",
            "marginTop": 20,
            "width": "95%",
          }
        }
      >
        <Text
          style={
            [
              {
                "fontSize": 20,
                "fontWeight": "bold",
              },
            ]
          }
        >
          Sensor
        </Text>
      </View>
      <View
        accessibilityState={
          {
            "busy": undefined,
            "checked": undefined,
            "disabled": undefined,
            "expanded": undefined,
            "selected": undefined,
          }
        }
        accessibilityValue={
          {
            "max": undefined,
            "min": undefined,
            "now": undefined,
            "text": undefined,
          }
        }
        accessible={true}
        collapsable={false}
        focusable={true}
        onClick={[Function]}
        onResponderGrant={[Function]}
        onResponderMove={[Function]}
        onResponderRelease={[Function]}
        onResponderTerminate={[Function]}
        onResponderTerminationRequest={[Function]}
        onStartShouldSetResponder={[Function]}
        style={
          {
            "opacity": 1,
          }
        }
      >
        <Text
          style={
            {
              "color": "#001021",
              "fontSize": 22,
              "textAlign": "center",
            }
          }
        >
          Select a sensor..
        </Text>
      </View>
      <View
        style={
          {
            "backgroundColor": "#FFFF",
            "flex": 1,
            "flexDirection": "column",
            "width": "100%",
          }
        }
      >
        <View>
          <Text
            style={
              {
                "color": "black",
                "fontSize": 20,
                "opacity": 0.5,
                "padding": 10,
                "textAlign": "center",
              }
            }
          />
        </View>
      </View>
      <View
        style={
          {
            "display": "flex",
            "flexDirection": "row",
            "justifyContent": "space-between",
            "marginBottom": 20,
            "marginTop": 1,
            "width": "95%",
          }
        }
      >
        <View
          accessibilityState={
            {
              "busy": undefined,
              "checked": undefined,
              "disabled": undefined,
              "expanded": undefined,
              "selected": undefined,
            }
          }
          accessibilityValue={
            {
              "max": undefined,
              "min": undefined,
              "now": undefined,
              "text": undefined,
            }
          }
          accessible={true}
          collapsable={false}
          focusable={true}
          onClick={[Function]}
          onResponderGrant={[Function]}
          onResponderMove={[Function]}
          onResponderRelease={[Function]}
          onResponderTerminate={[Function]}
          onResponderTerminationRequest={[Function]}
          onStartShouldSetResponder={[Function]}
          style={
            {
              "backgroundColor": "#03254E",
              "borderRadius": 20,
              "borderWidth": 1,
              "opacity": 1,
              "padding": 5,
              "width": "50%",
            }
          }
        >
          <Text
            style={
              {
                "color": "white",
                "fontSize": 22,
                "textAlign": "center",
              }
            }
          >
            lights
          </Text>
        </View>
        <View
          style={
            {
              "backgroundColor": "#D9E5D6",
              "borderRadius": 22,
              "justifyContent": "center",
              "width": "30%",
            }
          }
        >
          <Text
            style={
              {
                "fontSize": 22,
                "textAlign": "center",
              }
            }
          >
            <Text>
              Off
            </Text>
          </Text>
        </View>
      </View>
      <View
        accessibilityState={
          {
            "busy": undefined,
            "checked": undefined,
            "disabled": undefined,
            "expanded": undefined,
            "selected": undefined,
          }
        }
        accessibilityValue={
          {
            "max": undefined,
            "min": undefined,
            "now": undefined,
            "text": undefined,
          }
        }
        accessible={true}
        collapsable={false}
        focusable={true}
        onClick={[Function]}
        onResponderGrant={[Function]}
        onResponderMove={[Function]}
        onResponderRelease={[Function]}
        onResponderTerminate={[Function]}
        onResponderTerminationRequest={[Function]}
        onStartShouldSetResponder={[Function]}
        style={
          {
            "backgroundColor": "#03254E",
            "borderRadius": 20,
            "borderWidth": 1,
            "color": "white",
            "marginBottom": 10,
            "marginTop": 20,
            "opacity": 1,
            "padding": 10,
            "width": "95%",
          }
        }
      >
        <Text
          style={
            {
              "color": "white",
              "fontSize": 22,
              "textAlign": "center",
            }
          }
        >
          See all the measurements
        </Text>
      </View>
    </View>
  </View>
</RCTScrollView>
`;
