// Jest Snapshot v1, https://goo.gl/fbAQLP

exports[`MetricsScreen should render metrics on screen 1`] = `
<RCTScrollView>
  <View>
    <View
      style={
        {
          "backgroundColor": "#FFFF",
          "flex": 1,
          "flexDirection": "column",
          "width": "100%",
        }
      }
    >
      <View
        style={
          {
            "borderRadius": 22,
            "height": 50,
            "justifyContent": "center",
            "marginTop": 20,
            "width": "95%",
          }
        }
      >
        <Text
          style={
            [
              {
                "fontSize": 22,
                "textAlign": "center",
              },
            ]
          }
        >
          Temperatures
        </Text>
      </View>
      <View>
        <View
          style={
            {
              "borderStyle": "dashed",
              "borderTopWidth": 1,
              "display": "flex",
              "flexDirection": "row",
              "height": 230,
              "justifyContent": "space-evenly",
              "marginBottom": 15,
              "marginTop": 15,
              "width": "100%",
            }
          }
        >
          <View
            style={
              {
                "alignItems": "center",
                "backgroundColor": "#E8F1F2",
                "borderRadius": 10,
                "borderWidth": 1,
                "display": "flex",
                "justifyContent": "space-evenly",
                "marginTop": 20,
                "width": "45%",
              }
            }
          >
            <Text
              style={
                {
                  "fontSize": 19,
                  "fontWeight": "bold",
                  "textAlign": "center",
                }
              }
            >
              temperature
            </Text>
            <Text
              style={
                {
                  "fontSize": 15,
                  "textAlign": "center",
                }
              }
            >
              09.12
               - 
              13:00
            </Text>
            <Text
              style={
                {
                  "fontSize": 15,
                  "textAlign": "center",
                }
              }
            >
              25
               
              Â°C
            </Text>
            <Text
              style={
                {
                  "fontSize": 15,
                  "textAlign": "center",
                }
              }
            >
              Living Room
            </Text>
          </View>
          <View
            style={
              {
                "display": "flex",
                "justifyContent": "space-evenly",
                "width": "30%",
              }
            }
          >
            <View
              accessibilityState={
                {
                  "busy": undefined,
                  "checked": undefined,
                  "disabled": undefined,
                  "expanded": undefined,
                  "selected": undefined,
                }
              }
              accessibilityValue={
                {
                  "max": undefined,
                  "min": undefined,
                  "now": undefined,
                  "text": undefined,
                }
              }
              accessible={true}
              collapsable={false}
              focusable={true}
              onClick={[Function]}
              onResponderGrant={[Function]}
              onResponderMove={[Function]}
              onResponderRelease={[Function]}
              onResponderTerminate={[Function]}
              onResponderTerminationRequest={[Function]}
              onStartShouldSetResponder={[Function]}
              style={
                {
                  "backgroundColor": "#E3B23C",
                  "borderRadius": 20,
                  "borderWidth": 1,
                  "marginTop": 20,
                  "opacity": 1,
                  "padding": 8,
                }
              }
            >
              <Text
                style={
                  {
                    "color": "#001021",
                    "fontSize": 22,
                    "textAlign": "center",
                  }
                }
              >
                Pin
              </Text>
            </View>
            <View
              accessibilityState={
                {
                  "busy": undefined,
                  "checked": undefined,
                  "disabled": undefined,
                  "expanded": undefined,
                  "selected": undefined,
                }
              }
              accessibilityValue={
                {
                  "max": undefined,
                  "min": undefined,
                  "now": undefined,
                  "text": undefined,
                }
              }
              accessible={true}
              collapsable={false}
              focusable={true}
              onClick={[Function]}
              onResponderGrant={[Function]}
              onResponderMove={[Function]}
              onResponderRelease={[Function]}
              onResponderTerminate={[Function]}
              onResponderTerminationRequest={[Function]}
              onStartShouldSetResponder={[Function]}
              style={
                {
                  "backgroundColor": "#FF6542",
                  "borderRadius": 20,
                  "borderWidth": 1,
                  "marginTop": 20,
                  "opacity": 1,
                  "padding": 8,
                }
              }
            >
              <Text
                style={
                  {
                    "color": "#001021",
                    "fontSize": 22,
                    "textAlign": "center",
                  }
                }
              >
                Delete
              </Text>
            </View>
          </View>
        </View>
      </View>
      <View
        style={
          {
            "borderRadius": 22,
            "height": 50,
            "justifyContent": "center",
            "marginTop": 20,
            "width": "95%",
          }
        }
      >
        <Text
          style={
            [
              {
                "fontSize": 22,
                "textAlign": "center",
              },
            ]
          }
        >
          Humidity
        </Text>
      </View>
      <View>
        <View
          style={
            {
              "borderStyle": "dashed",
              "borderTopWidth": 1,
              "display": "flex",
              "flexDirection": "row",
              "height": 230,
              "justifyContent": "space-evenly",
              "marginBottom": 15,
              "marginTop": 15,
              "width": "100%",
            }
          }
        >
          <View
            style={
              {
                "alignItems": "center",
                "backgroundColor": "#E8F1F2",
                "borderRadius": 10,
                "borderWidth": 1,
                "display": "flex",
                "justifyContent": "space-evenly",
                "marginTop": 20,
                "width": "45%",
              }
            }
          >
            <Text
              style={
                {
                  "fontSize": 19,
                  "fontWeight": "bold",
                  "textAlign": "center",
                }
              }
            >
              humidity
            </Text>
            <Text
              style={
                {
                  "fontSize": 15,
                  "textAlign": "center",
                }
              }
            >
              11.12
               - 
              12:00
            </Text>
            <Text
              style={
                {
                  "fontSize": 15,
                  "textAlign": "center",
                }
              }
            >
              23
               
              %
            </Text>
            <Text
              style={
                {
                  "fontSize": 15,
                  "textAlign": "center",
                }
              }
            >
              Kitchen
            </Text>
          </View>
          <View
            style={
              {
                "display": "flex",
                "justifyContent": "space-evenly",
                "width": "30%",
              }
            }
          >
            <View
              accessibilityState={
                {
                  "busy": undefined,
                  "checked": undefined,
                  "disabled": undefined,
                  "expanded": undefined,
                  "selected": undefined,
                }
              }
              accessibilityValue={
                {
                  "max": undefined,
                  "min": undefined,
                  "now": undefined,
                  "text": undefined,
                }
              }
              accessible={true}
              collapsable={false}
              focusable={true}
              onClick={[Function]}
              onResponderGrant={[Function]}
              onResponderMove={[Function]}
              onResponderRelease={[Function]}
              onResponderTerminate={[Function]}
              onResponderTerminationRequest={[Function]}
              onStartShouldSetResponder={[Function]}
              style={
                {
                  "backgroundColor": "#E3B23C",
                  "borderRadius": 20,
                  "borderWidth": 1,
                  "marginTop": 20,
                  "opacity": 1,
                  "padding": 8,
                }
              }
            >
              <Text
                style={
                  {
                    "color": "#001021",
                    "fontSize": 22,
                    "textAlign": "center",
                  }
                }
              >
                Pin
              </Text>
            </View>
            <View
              accessibilityState={
                {
                  "busy": undefined,
                  "checked": undefined,
                  "disabled": undefined,
                  "expanded": undefined,
                  "selected": undefined,
                }
              }
              accessibilityValue={
                {
                  "max": undefined,
                  "min": undefined,
                  "now": undefined,
                  "text": undefined,
                }
              }
              accessible={true}
              collapsable={false}
              focusable={true}
              onClick={[Function]}
              onResponderGrant={[Function]}
              onResponderMove={[Function]}
              onResponderRelease={[Function]}
              onResponderTerminate={[Function]}
              onResponderTerminationRequest={[Function]}
              onStartShouldSetResponder={[Function]}
              style={
                {
                  "backgroundColor": "#FF6542",
                  "borderRadius": 20,
                  "borderWidth": 1,
                  "marginTop": 20,
                  "opacity": 1,
                  "padding": 8,
                }
              }
            >
              <Text
                style={
                  {
                    "color": "#001021",
                    "fontSize": 22,
                    "textAlign": "center",
                  }
                }
              >
                Delete
              </Text>
            </View>
          </View>
        </View>
      </View>
    </View>
  </View>
</RCTScrollView>
`;
