// Jest Snapshot v1, https://goo.gl/fbAQLP

exports[`PinnedScreen should render 1`] = `
<View>
  <Text>
    NotesScreen
  </Text>
</View>
`;
