// Jest Snapshot v1, https://goo.gl/fbAQLP

exports[`SaveSensorLocation renders correctly 1`] = `
[
  <View
    style={
      {
        "borderRadius": 22,
        "height": 50,
        "justifyContent": "center",
        "marginTop": 20,
        "width": "95%",
      }
    }
  >
    <Text
      style={
        [
          {
            "fontSize": 20,
            "fontWeight": "bold",
          },
        ]
      }
    >
      Device location
    </Text>
  </View>,
  <View
    style={
      {
        "backgroundColor": "#E8F1F2",
        "height": 50,
        "justifyContent": "center",
        "marginTop": 10,
        "width": "95%",
      }
    }
  >
    <TextInput
      onChangeText={[Function]}
      onSubmitEditing={[Function]}
      placeholder="where ..."
      style={
        {
          "fontSize": 22,
          "textAlign": "center",
        }
      }
    />
  </View>,
  <View
    accessibilityState={
      {
        "busy": undefined,
        "checked": undefined,
        "disabled": undefined,
        "expanded": undefined,
        "selected": undefined,
      }
    }
    accessibilityValue={
      {
        "max": undefined,
        "min": undefined,
        "now": undefined,
        "text": undefined,
      }
    }
    accessible={true}
    collapsable={false}
    focusable={true}
    onClick={[Function]}
    onResponderGrant={[Function]}
    onResponderMove={[Function]}
    onResponderRelease={[Function]}
    onResponderTerminate={[Function]}
    onResponderTerminationRequest={[Function]}
    onStartShouldSetResponder={[Function]}
    style={
      {
        "backgroundColor": "#00A352",
        "borderRadius": 20,
        "borderWidth": 1,
        "marginTop": 20,
        "opacity": 1,
        "padding": 10,
        "width": "95%",
      }
    }
  >
    <Text
      style={
        {
          "color": "white",
          "fontSize": 22,
          "textAlign": "center",
        }
      }
    >
      Save
    </Text>
  </View>,
  <View
    style={
      {
        "height": 100,
        "justifyContent": "center",
      }
    }
  >
    <Text
      style={
        {
          "color": "darkgreen",
          "fontSize": 20,
          "justifyContent": "center",
          "padding": 10,
          "textAlign": "center",
        }
      }
    />
  </View>,
]
`;
